This is pdfTeX, Version 3.141592653-2.6-1.40.29 (TeX Live 2026) (preloaded format=pdflatex 2026.8.8)  8 AUG 2026 16:44
entering extended mode
 restricted \write18 enabled.
 %&-line parsing enabled.
**PartB_Template_Mosarrat_a1948284.tex
(./PartB_Template_Mosarrat_a1948284.tex
LaTeX2e <2026-06-01>
L3 programming layer <2026-07-20>
(c:/Users/Asus/AppData/Roaming/TinyTeX/texmf-dist/tex/latex/base/article.cls
Document Class: article 2025/01/22 v1.4n Standard LaTeX document class
(c:/Users/Asus/AppData/Roaming/TinyTeX/texmf-dist/tex/latex/base/size12.clo
File: size12.clo 2025/01/22 v1.4n Standard LaTeX file (size option)
)
\c@part=\count276
\c@section=\count277
\c@subsection=\count278
\c@subsubsection=\count279
\c@paragraph=\count280
\c@subparagraph=\count281
\c@figure=\count282
\c@table=\count283
\abovecaptionskip=\skip49
\belowcaptionskip=\skip50
\bibindent=\dimen150
) (c:/Users/Asus/AppData/Roaming/TinyTeX/texmf-dist/tex/latex/xcolor/xcolor.sty
Package: xcolor 2024/09/29 v3.02 LaTeX color extensions (UK)
(c:/Users/Asus/AppData/Roaming/TinyTeX/texmf-dist/tex/latex/graphics-cfg/color.cfg
File: color.cfg 2016/01/02 v1.6 sample color configuration
)
Package xcolor Info: Driver file: pdftex.def on input line 274.
(c:/Users/Asus/AppData/Roaming/TinyTeX/texmf-dist/tex/latex/graphics-def/pdftex.def
File: pdftex.def 2025/09/29 v1.2d Graphics/color driver for pdftex
) (c:/Users/Asus/AppData/Roaming/TinyTeX/texmf-dist/tex/latex/graphics/mathcolor.ltx)
Package xcolor Info: Model `cmy' substituted by `cmy0' on input line 1349.
Package xcolor Info: Model `hsb' substituted by `rgb' on input line 1353.
Package xcolor Info: Model `RGB' extended on input line 1365.
Package xcolor Info: Model `HTML' substituted by `rgb' on input line 1367.
Package xcolor Info: Model `Hsb' substituted by `hsb' on input line 1368.
Package xcolor Info: Model `tHsb' substituted by `hsb' on input line 1369.
Package xcolor Info: Model `HSB' substituted by `hsb' on input line 1370.
Package xcolor Info: Model `Gray' substituted by `gray' on input line 1371.
Package xcolor Info: Model `wave' substituted by `hsb' on input line 1372.
) (c:/Users/Asus/AppData/Roaming/TinyTeX/texmf-dist/tex/latex/geometry/geometry.sty
Package: geometry 2026/03/07 v6.0 Page Geometry
(c:/Users/Asus/AppData/Roaming/TinyTeX/texmf-dist/tex/latex/graphics/keyval.sty
Package: keyval 2026-05-17 v1.15 key=value parser (DPC)
\KV@toks@=\toks17
) (c:/Users/Asus/AppData/Roaming/TinyTeX/texmf-dist/tex/generic/iftex/ifvtex.sty
Package: ifvtex 2019/10/25 v1.7 ifvtex legacy package. Use iftex instead.
(c:/Users/Asus/AppData/Roaming/TinyTeX/texmf-dist/tex/generic/iftex/iftex.sty
Package: iftex 2024/12/12 v1.0g TeX engine tests
))
\Gm@cnth=\count284
\Gm@cntv=\count285
\c@Gm@tempcnt=\count286
\Gm@bindingoffset=\dimen151
\Gm@wd@mp=\dimen152
\Gm@odd@mp=\dimen153
\Gm@even@mp=\dimen154
\Gm@layoutwidth=\dimen155
\Gm@layoutheight=\dimen156
\Gm@layouthoffset=\dimen157
\Gm@layoutvoffset=\dimen158
\Gm@dimlist=\toks18
) (c:/Users/Asus/AppData/Roaming/TinyTeX/texmf-dist/tex/latex/amsmath/amsmath.sty
Package: amsmath 2026/05/19 v2.18d AMS math features
\@mathmargin=\skip51
For additional information on amsmath, use the `?' option.
(c:/Users/Asus/AppData/Roaming/TinyTeX/texmf-dist/tex/latex/amsmath/amstext.sty
Package: amstext 2024/11/17 v2.01 AMS text
(c:/Users/Asus/AppData/Roaming/TinyTeX/texmf-dist/tex/latex/amsmath/amsgen.sty
File: amsgen.sty 1999/11/30 v2.0 generic functions
\@emptytoks=\toks19
\ex@=\dimen159
)) (c:/Users/Asus/AppData/Roaming/TinyTeX/texmf-dist/tex/latex/amsmath/amsbsy.sty
Package: amsbsy 1999/11/29 v1.2d Bold Symbols
\pmbraise@=\dimen160
) (c:/Users/Asus/AppData/Roaming/TinyTeX/texmf-dist/tex/latex/amsmath/amsopn.sty
Package: amsopn 2022/04/08 v2.04 operator names
)
\inf@bad=\count287
LaTeX Info: Redefining \frac on input line 233.
\uproot@=\count288
\leftroot@=\count289
LaTeX Info: Redefining \overline on input line 398.
LaTeX Info: Redefining \colon on input line 409.
\classnum@=\count290
\DOTSCASE@=\count291
LaTeX Info: Redefining \ldots on input line 495.
LaTeX Info: Redefining \dots on input line 498.
LaTeX Info: Redefining \cdots on input line 619.
\Mathstrutbox@=\box53
\strutbox@=\box54
LaTeX Info: Redefining \big on input line 721.
LaTeX Info: Redefining \Big on input line 722.
LaTeX Info: Redefining \bigg on input line 723.
LaTeX Info: Redefining \Bigg on input line 724.
\big@size=\dimen161
LaTeX Font Info:    Redeclaring font encoding OML on input line 742.
LaTeX Font Info:    Redeclaring font encoding OMS on input line 743.
\macc@depth=\count292
LaTeX Info: Redefining \bmod on input line 904.
LaTeX Info: Redefining \pmod on input line 909.
LaTeX Info: Redefining \smash on input line 939.
LaTeX Info: Redefining \relbar on input line 969.
LaTeX Info: Redefining \Relbar on input line 970.
\c@MaxMatrixCols=\count293
\dotsspace@=\muskip17
\c@parentequation=\count294
\dspbrk@lvl=\count295
\tag@help=\toks20
\row@=\count296
\column@=\count297
\maxfields@=\count298
\andhelp@=\toks21
\eqnshift@=\dimen162
\alignsep@=\dimen163
\tagshift@=\dimen164
\tagwidth@=\dimen165
\totwidth@=\dimen166
\lineht@=\dimen167
\@envbody=\toks22
\multlinegap=\skip52
\multlinetaggap=\skip53
\mathdisplay@stack=\toks23
LaTeX Info: Redefining \[ on input line 2965.
LaTeX Info: Redefining \] on input line 2966.
) (c:/Users/Asus/AppData/Roaming/TinyTeX/texmf-dist/tex/latex/amsfonts/amssymb.sty
Package: amssymb 2013/01/14 v3.01 AMS font symbols
(c:/Users/Asus/AppData/Roaming/TinyTeX/texmf-dist/tex/latex/amsfonts/amsfonts.sty
Package: amsfonts 2013/01/14 v3.01 Basic AMSFonts support
\symAMSa=\mathgroup4
\symAMSb=\mathgroup5
LaTeX Font Info:    Redeclaring math symbol \hbar on input line 98.
LaTeX Font Info:    Overwriting math alphabet `\mathfrak' in version `bold'
(Font)                  U/euf/m/n --> U/euf/b/n on input line 106.
)) (c:/Users/Asus/AppData/Roaming/TinyTeX/texmf-dist/tex/latex/base/fontenc.sty
Package: fontenc 2025/07/18 v2.1d Standard LaTeX package
) (c:/Users/Asus/AppData/Roaming/TinyTeX/texmf-dist/tex/latex/base/inputenc.sty
Package: inputenc 2024/02/08 v1.3d Input encoding file
\inpenc@prehook=\toks24
\inpenc@posthook=\toks25
) (c:/Users/Asus/AppData/Roaming/TinyTeX/texmf-dist/tex/latex/base/textcomp.sty
Package: textcomp 2024/04/24 v2.1b Standard LaTeX package
) (c:/Users/Asus/AppData/Roaming/TinyTeX/texmf-dist/tex/latex/lm/lmodern.sty
Package: lmodern 2015/05/01 v1.6.1 Latin Modern Fonts
LaTeX Font Info:    Overwriting symbol font `operators' in version `normal'
(Font)                  OT1/cmr/m/n --> OT1/lmr/m/n on input line 22.
LaTeX Font Info:    Overwriting symbol font `letters' in version `normal'
(Font)                  OML/cmm/m/it --> OML/lmm/m/it on input line 23.
LaTeX Font Info:    Overwriting symbol font `symbols' in version `normal'
(Font)                  OMS/cmsy/m/n --> OMS/lmsy/m/n on input line 24.
LaTeX Font Info:    Overwriting symbol font `largesymbols' in version `normal'
(Font)                  OMX/cmex/m/n --> OMX/lmex/m/n on input line 25.
LaTeX Font Info:    Overwriting symbol font `operators' in version `bold'
(Font)                  OT1/cmr/bx/n --> OT1/lmr/bx/n on input line 26.
LaTeX Font Info:    Overwriting symbol font `letters' in version `bold'
(Font)                  OML/cmm/b/it --> OML/lmm/b/it on input line 27.
LaTeX Font Info:    Overwriting symbol font `symbols' in version `bold'
(Font)                  OMS/cmsy/b/n --> OMS/lmsy/b/n on input line 28.
LaTeX Font Info:    Overwriting symbol font `largesymbols' in version `bold'
(Font)                  OMX/cmex/m/n --> OMX/lmex/m/n on input line 29.
LaTeX Font Info:    Overwriting math alphabet `\mathbf' in version `normal'
(Font)                  OT1/cmr/bx/n --> OT1/lmr/bx/n on input line 31.
LaTeX Font Info:    Overwriting math alphabet `\mathsf' in version `normal'
(Font)                  OT1/cmss/m/n --> OT1/lmss/m/n on input line 32.
LaTeX Font Info:    Overwriting math alphabet `\mathit' in version `normal'
(Font)                  OT1/cmr/m/it --> OT1/lmr/m/it on input line 33.
LaTeX Font Info:    Overwriting math alphabet `\mathtt' in version `normal'
(Font)                  OT1/cmtt/m/n --> OT1/lmtt/m/n on input line 34.
LaTeX Font Info:    Overwriting math alphabet `\mathbf' in version `bold'
(Font)                  OT1/cmr/bx/n --> OT1/lmr/bx/n on input line 35.
LaTeX Font Info:    Overwriting math alphabet `\mathsf' in version `bold'
(Font)                  OT1/cmss/bx/n --> OT1/lmss/bx/n on input line 36.
LaTeX Font Info:    Overwriting math alphabet `\mathit' in version `bold'
(Font)                  OT1/cmr/bx/it --> OT1/lmr/bx/it on input line 37.
LaTeX Font Info:    Overwriting math alphabet `\mathtt' in version `bold'
(Font)                  OT1/cmtt/m/n --> OT1/lmtt/m/n on input line 38.
) (c:/Users/Asus/AppData/Roaming/TinyTeX/texmf-dist/tex/latex/fancyvrb/fancyvrb.sty
Package: fancyvrb 2026/04/16 4.6a verbatim text (tvz,hv)
\FV@CodeLineNo=\count299
\FV@InFile=\read2
\FV@TabBox=\box55
\c@FancyVerbLine=\count300
\FV@StepNumber=\count301
\FV@OutFile=\write3
) (c:/Users/Asus/AppData/Roaming/TinyTeX/texmf-dist/tex/latex/framed/framed.sty
Package: framed 2011/10/22 v 0.96: framed or shaded text with page breaks
\OuterFrameSep=\skip54
\fb@frw=\dimen168
\fb@frh=\dimen169
\FrameRule=\dimen170
\FrameSep=\dimen171
) (c:/Users/Asus/AppData/Roaming/TinyTeX/texmf-dist/tex/latex/tools/longtable.sty
Package: longtable 2026-01-28 v4.27 Multi-page Table package (DPC)
\LTleft=\skip55
\LTright=\skip56
\LTpre=\skip57
\LTpost=\skip58
\LTchunksize=\count302
\LTcapwidth=\dimen172
\LT@head=\box56
\LT@firsthead=\box57
\LT@foot=\box58
\LT@lastfoot=\box59
\LT@gbox=\box60
\LT@cols=\count303
\LT@rows=\count304
\c@LT@tables=\count305
\c@LT@chunks=\count306
\LT@p@ftn=\toks26
) (c:/Users/Asus/AppData/Roaming/TinyTeX/texmf-dist/tex/latex/booktabs/booktabs.sty
Package: booktabs 2020/01/12 v1.61803398 Publication quality tables
\heavyrulewidth=\dimen173
\lightrulewidth=\dimen174
\cmidrulewidth=\dimen175
\belowrulesep=\dimen176
\belowbottomsep=\dimen177
\aboverulesep=\dimen178
\abovetopsep=\dimen179
\cmidrulesep=\dimen180
\cmidrulekern=\dimen181
\defaultaddspace=\dimen182
\@cmidla=\count307
\@cmidlb=\count308
\@aboverulesep=\dimen183
\@belowrulesep=\dimen184
\@thisruleclass=\count309
\@lastruleclass=\count310
\@thisrulewidth=\dimen185
) (c:/Users/Asus/AppData/Roaming/TinyTeX/texmf-dist/tex/latex/tools/array.sty
Package: array 2026/02/24 v2.7b Tabular extension package (FMi)
\col@sep=\dimen186
\ar@mcellbox=\box61
\extrarowheight=\dimen187
\NC@list=\toks27
\extratabsurround=\skip59
\backup@length=\skip60
\ar@cellbox=\box62
)
\c@none=\count311
(c:/Users/Asus/AppData/Roaming/TinyTeX/texmf-dist/tex/latex/tools/calc.sty
Package: calc 2025/03/01 v4.3b Infix arithmetic (KKT,FJ)
\calc@Acount=\count312
\calc@Bcount=\count313
\calc@Adimen=\dimen188
\calc@Bdimen=\dimen189
\calc@Askip=\skip61
\calc@Bskip=\skip62
LaTeX Info: Redefining \setlength on input line 86.
LaTeX Info: Redefining \addtolength on input line 87.
\calc@Ccount=\count314
\calc@Cskip=\skip63
) (c:/Users/Asus/AppData/Roaming/TinyTeX/texmf-dist/tex/latex/etoolbox/etoolbox.sty
Package: etoolbox 2025/10/02 v2.5m e-TeX tools for LaTeX (JAW)
\etb@tempcnta=\count315
) (c:/Users/Asus/AppData/Roaming/TinyTeX/texmf-dist/tex/latex/mdwtools/footnote.sty
Package: footnote 1997/01/28 1.13 Save footnotes around boxes
\fn@notes=\box63
\fn@width=\dimen190
) (c:/Users/Asus/AppData/Roaming/TinyTeX/texmf-dist/tex/latex/graphics/graphicx.sty
Package: graphicx 2026-05-17 v1.2e Enhanced LaTeX Graphics (DPC,SPQR)
(c:/Users/Asus/AppData/Roaming/TinyTeX/texmf-dist/tex/latex/graphics/graphics.sty
Package: graphics 2026-05-17 v1.4h Standard LaTeX Graphics (DPC,SPQR)
(c:/Users/Asus/AppData/Roaming/TinyTeX/texmf-dist/tex/latex/graphics/trig.sty
Package: trig 2023/12/02 v1.11 sin cos tan (DPC)
) (c:/Users/Asus/AppData/Roaming/TinyTeX/texmf-dist/tex/latex/graphics-cfg/graphics.cfg
File: graphics.cfg 2016/06/04 v1.11 sample graphics configuration
)
Package graphics Info: Driver file: pdftex.def on input line 106.
)
\Gin@req@height=\dimen191
\Gin@req@width=\dimen192
)
\pandoc@box=\box64
\cslhangindent=\skip64
\csllabelwidth=\skip65
(c:/Users/Asus/AppData/Roaming/TinyTeX/texmf-dist/tex/latex/grffile/grffile.sty
Package: grffile 2019/11/11 v2.1 Extended file name support for graphics (legacy)
Package grffile Info: This package is an empty stub for compatibility on input line 40.
) (c:/Users/Asus/AppData/Roaming/TinyTeX/texmf-dist/tex/latex/placeins/placeins.sty
Package: placeins 2005/04/18  v 2.2
) (c:/Users/Asus/AppData/Roaming/TinyTeX/texmf-dist/tex/latex/multirow/multirow.sty
Package: multirow 2024/11/12 v2.9 Span multiple rows of a table
\multirow@colwidth=\skip66
\multirow@cntb=\count316
\multirow@dima=\skip67
\bigstrutjot=\dimen193
) (c:/Users/Asus/AppData/Roaming/TinyTeX/texmf-dist/tex/latex/wrapfig/wrapfig.sty
\wrapoverhang=\dimen194
\WF@size=\dimen195
\c@WF@wrappedlines=\count317
\WF@box=\box65
\WF@everypar=\toks28
Package: wrapfig 2003/01/31  v 3.6
) (c:/Users/Asus/AppData/Roaming/TinyTeX/texmf-dist/tex/latex/float/float.sty
Package: float 2001/11/08 v1.3d Float enhancements (AL)
\c@float@type=\count318
\float@exts=\toks29
\float@box=\box66
\@float@everytoks=\toks30
\@floatcapt=\box67
) (c:/Users/Asus/AppData/Roaming/TinyTeX/texmf-dist/tex/latex/colortbl/colortbl.sty
Package: colortbl 2026/05/01 v1.0l Color table columns (DPC)
new hooks used!!
\minrowclearance=\skip68
\rownum=\count319
) (c:/Users/Asus/AppData/Roaming/TinyTeX/texmf-dist/tex/latex/pdflscape/pdflscape.sty
Package: pdflscape 2025-06-23 v0.14 Display of landscape pages in PDF
(c:/Users/Asus/AppData/Roaming/TinyTeX/texmf-dist/tex/latex/pdflscape/pdflscape-nometadata.sty
Package: pdflscape-nometadata 2025-06-23 v0.14 Display of landscape pages in PDF (HO)
(c:/Users/Asus/AppData/Roaming/TinyTeX/texmf-dist/tex/latex/graphics/lscape.sty
Package: lscape 2020/05/28 v3.02 Landscape Pages (DPC)
)
Package pdflscape Info: Auto-detected driver: pdftex on input line 81.
)) (c:/Users/Asus/AppData/Roaming/TinyTeX/texmf-dist/tex/latex/tools/tabularx.sty
Package: tabularx 2023/12/11 v2.12a `tabularx' package (DPC)
\TX@col@width=\dimen196
\TX@old@table=\dimen197
\TX@old@col=\dimen198
\TX@target=\dimen199
\TX@delta=\dimen256
\TX@cols=\count320
\TX@ftn=\toks31
) (c:/Users/Asus/AppData/Roaming/TinyTeX/texmf-dist/tex/latex/xltabular/xltabular.sty
Package: xltabular 2025/02/28 v0.2i `xltabular' package (hv,RN)
(c:/Users/Asus/AppData/Roaming/TinyTeX/texmf-dist/tex/latex/ltablex/ltablex.sty
Package: ltablex 2014/08/13 v1.1 Modified tabularx
)) (c:/Users/Asus/AppData/Roaming/TinyTeX/texmf-dist/tex/latex/threeparttable/threeparttable.sty
Package: threeparttable 2003/06/13  v 3.0
\@tempboxb=\box68
) (c:/Users/Asus/AppData/Roaming/TinyTeX/texmf-dist/tex/latex/threeparttablex/threeparttablex.sty
Package: threeparttablex 2013/07/23 v0.3 by daleif
(c:/Users/Asus/AppData/Roaming/TinyTeX/texmf-dist/tex/latex/environ/environ.sty
Package: environ 2014/05/04 v0.3 A new way to define environments
(c:/Users/Asus/AppData/Roaming/TinyTeX/texmf-dist/tex/latex/trimspaces/trimspaces.sty
Package: trimspaces 2009/09/17 v1.1 Trim spaces around a token list
))
\TPTL@width=\skip69
) (c:/Users/Asus/AppData/Roaming/TinyTeX/texmf-dist/tex/generic/ulem/ulem.sty
\UL@box=\box69
\UL@hyphenbox=\box70
\UL@skip=\skip70
\UL@hook=\toks32
\UL@height=\dimen257
\UL@pe=\count321
\UL@pixel=\dimen258
\ULC@box=\box71
Package: ulem 2019/11/18
\ULdepth=\dimen259
) (c:/Users/Asus/AppData/Roaming/TinyTeX/texmf-dist/tex/latex/makecell/makecell.sty
Package: makecell 2009/08/03 V0.1e Managing of Tab Column Heads and Cells
\rotheadsize=\dimen260
\c@nlinenum=\count322
\TeXr@lab=\toks33
) (c:/Users/Asus/AppData/Roaming/TinyTeX/texmf-dist/tex/latex/bookmark/bookmark.sty
Package: bookmark 2026-05-21 v1.32 PDF bookmarks (HO)
(c:/Users/Asus/AppData/Roaming/TinyTeX/texmf-dist/tex/latex/hyperref/hyperref.sty
Package: hyperref 2026-06-17 v7.01r Hypertext links for LaTeX
(c:/Users/Asus/AppData/Roaming/TinyTeX/texmf-dist/tex/latex/kvsetkeys/kvsetkeys.sty
Package: kvsetkeys 2022-10-05 v1.19 Key value parser (HO)
) (c:/Users/Asus/AppData/Roaming/TinyTeX/texmf-dist/tex/generic/kvdefinekeys/kvdefinekeys.sty
Package: kvdefinekeys 2019-12-19 v1.6 Define keys (HO)
) (c:/Users/Asus/AppData/Roaming/TinyTeX/texmf-dist/tex/generic/pdfescape/pdfescape.sty
Package: pdfescape 2019/12/09 v1.15 Implements pdfTeX's escape features (HO)
(c:/Users/Asus/AppData/Roaming/TinyTeX/texmf-dist/tex/generic/ltxcmds/ltxcmds.sty
Package: ltxcmds 2023-12-04 v1.26 LaTeX kernel commands for general use (HO)
) (c:/Users/Asus/AppData/Roaming/TinyTeX/texmf-dist/tex/generic/pdftexcmds/pdftexcmds.sty
Package: pdftexcmds 2020-06-27 v0.33 Utility functions of pdfTeX for LuaTeX (HO)
(c:/Users/Asus/AppData/Roaming/TinyTeX/texmf-dist/tex/generic/infwarerr/infwarerr.sty
Package: infwarerr 2019/12/03 v1.5 Providing info/warning/error messages (HO)
)
Package pdftexcmds Info: \pdf@primitive is available.
Package pdftexcmds Info: \pdf@ifprimitive is available.
Package pdftexcmds Info: \pdfdraftmode found.
)) (c:/Users/Asus/AppData/Roaming/TinyTeX/texmf-dist/tex/latex/hycolor/hycolor.sty
Package: hycolor 2020-01-27 v1.10 Color options for hyperref/bookmark (HO)
) (c:/Users/Asus/AppData/Roaming/TinyTeX/texmf-dist/tex/latex/hyperref/nameref.sty
Package: nameref 2026-01-29 v2.58 Cross-referencing by name of section
(c:/Users/Asus/AppData/Roaming/TinyTeX/texmf-dist/tex/latex/refcount/refcount.sty
Package: refcount 2019/12/15 v3.6 Data extraction from label references (HO)
) (c:/Users/Asus/AppData/Roaming/TinyTeX/texmf-dist/tex/generic/gettitlestring/gettitlestring.sty
Package: gettitlestring 2019/12/15 v1.6 Cleanup title references (HO)
(c:/Users/Asus/AppData/Roaming/TinyTeX/texmf-dist/tex/latex/kvoptions/kvoptions.sty
Package: kvoptions 2022-06-15 v3.15 Key value format for package options (HO)
))
\c@section@level=\count323
) (c:/Users/Asus/AppData/Roaming/TinyTeX/texmf-dist/tex/generic/stringenc/stringenc.sty
Package: stringenc 2019/11/29 v1.12 Convert strings between diff. encodings (HO)
)
\@linkdim=\dimen261
\Hy@linkcounter=\count324
\Hy@pagecounter=\count325
(c:/Users/Asus/AppData/Roaming/TinyTeX/texmf-dist/tex/latex/hyperref/pd1enc.def
File: pd1enc.def 2026-06-17 v7.01r Hyperref: PDFDocEncoding definition (HO)
Now handling font encoding PD1 ...
... no UTF-8 mapping file for font encoding PD1
) (c:/Users/Asus/AppData/Roaming/TinyTeX/texmf-dist/tex/generic/intcalc/intcalc.sty
Package: intcalc 2019/12/15 v1.3 Expandable calculations with integers (HO)
)
\Hy@SavedSpaceFactor=\count326
(c:/Users/Asus/AppData/Roaming/TinyTeX/texmf-dist/tex/latex/hyperref/puenc.def
File: puenc.def 2026-06-17 v7.01r Hyperref: PDF Unicode definition (HO)
Now handling font encoding PU ...
... no UTF-8 mapping file for font encoding PU
)
Package hyperref Info: Option `unicode' set `true' on input line 4070.
Package hyperref Info: Hyper figures OFF on input line 4199.
Package hyperref Info: Link nesting OFF on input line 4204.
Package hyperref Info: Hyper index ON on input line 4207.
Package hyperref Info: Plain pages OFF on input line 4214.
Package hyperref Info: Backreferencing OFF on input line 4219.
Package hyperref Info: Implicit mode ON; LaTeX internals redefined.
Package hyperref Info: Bookmarks ON on input line 4466.
\c@Hy@tempcnt=\count327
(c:/Users/Asus/AppData/Roaming/TinyTeX/texmf-dist/tex/latex/url/url.sty
\Urlmuskip=\muskip18
Package: url 2013/09/16  ver 3.4  Verb mode for urls, etc.
)
LaTeX Info: Redefining \url on input line 4805.
\XeTeXLinkMargin=\dimen262
(c:/Users/Asus/AppData/Roaming/TinyTeX/texmf-dist/tex/generic/bitset/bitset.sty
Package: bitset 2019/12/09 v1.3 Handle bit-vector datatype (HO)
(c:/Users/Asus/AppData/Roaming/TinyTeX/texmf-dist/tex/generic/bigintcalc/bigintcalc.sty
Package: bigintcalc 2019/12/15 v1.5 Expandable calculations on big integers (HO)
))
\Fld@menulength=\count328
\Field@Width=\dimen263
\Fld@charsize=\dimen264
Package hyperref Info: Hyper figures OFF on input line 6091.
Package hyperref Info: Link nesting OFF on input line 6096.
Package hyperref Info: Hyper index ON on input line 6099.
Package hyperref Info: backreferencing OFF on input line 6106.
Package hyperref Info: Link coloring OFF on input line 6111.
Package hyperref Info: Link coloring with OCG OFF on input line 6116.
Package hyperref Info: PDF/A mode OFF on input line 6121.
\Hy@abspage=\count329
\c@Item=\count330
\c@Hfootnote=\count331
)
Package hyperref Info: Driver (autodetected): hpdftex.
(c:/Users/Asus/AppData/Roaming/TinyTeX/texmf-dist/tex/latex/hyperref/hpdftex.def
File: hpdftex.def 2026-06-17 v7.01r Hyperref driver for pdfTeX
\Fld@listcount=\count332
\c@bookmark@seq@number=\count333
(c:/Users/Asus/AppData/Roaming/TinyTeX/texmf-dist/tex/latex/rerunfilecheck/rerunfilecheck.sty
Package: rerunfilecheck 2025-06-21 v1.11 Rerun checks for auxiliary files (HO)
(c:/Users/Asus/AppData/Roaming/TinyTeX/texmf-dist/tex/generic/uniquecounter/uniquecounter.sty
Package: uniquecounter 2019/12/15 v1.4 Provide unlimited unique counter (HO)
)
Package uniquecounter Info: New unique counter `rerunfilecheck' on input line 284.
)
\Hy@SectionHShift=\skip71
) (c:/Users/Asus/AppData/Roaming/TinyTeX/texmf-dist/tex/latex/l3backend/l3backend-pdftex.def
File: l3backend-pdftex.def 2026-07-20 L3 backend support: PDF output (pdfTeX)
\l__color_backend_stack_int=\count334
) (c:/Users/Asus/AppData/Roaming/TinyTeX/texmf-dist/tex/latex/bookmark/bkm-pdftex.def
File: bkm-pdftex.def 2026-05-21 v1.32 bookmark driver for pdfTeX (HO)
\BKM@id=\count335
))
LaTeX Font Info:    Trying to load font information for T1+lmr on input line 183.
(c:/Users/Asus/AppData/Roaming/TinyTeX/texmf-dist/tex/latex/lm/t1lmr.fd
File: t1lmr.fd 2015/05/01 v1.6.1 Font defs for Latin Modern
) (./PartB_Template_Mosarrat_a1948284.aux

LaTeX Warning: Label `tab:variable-dictionary' multiply defined.


LaTeX Warning: Label `tab:variable-dictionary' multiply defined.

)
\openout1 = `PartB_Template_Mosarrat_a1948284.aux'.

LaTeX Font Info:    Checking defaults for OML/cmm/m/it on input line 183.
LaTeX Font Info:    ... okay on input line 183.
LaTeX Font Info:    Checking defaults for OMS/cmsy/m/n on input line 183.
LaTeX Font Info:    ... okay on input line 183.
LaTeX Font Info:    Checking defaults for OT1/cmr/m/n on input line 183.
LaTeX Font Info:    ... okay on input line 183.
LaTeX Font Info:    Checking defaults for T1/cmr/m/n on input line 183.
LaTeX Font Info:    ... okay on input line 183.
LaTeX Font Info:    Checking defaults for TS1/cmr/m/n on input line 183.
LaTeX Font Info:    ... okay on input line 183.
LaTeX Font Info:    Checking defaults for OMX/cmex/m/n on input line 183.
LaTeX Font Info:    ... okay on input line 183.
LaTeX Font Info:    Checking defaults for U/cmr/m/n on input line 183.
LaTeX Font Info:    ... okay on input line 183.
LaTeX Font Info:    Checking defaults for PD1/pdf/m/n on input line 183.
LaTeX Font Info:    ... okay on input line 183.
LaTeX Font Info:    Checking defaults for PU/pdf/m/n on input line 183.
LaTeX Font Info:    ... okay on input line 183.
(c:/Users/Asus/AppData/Roaming/TinyTeX/texmf-dist/tex/latex/epstopdf-pkg/epstopdf-base.sty
Package: epstopdf-base 2020-01-24 v2.11 Base part for package epstopdf
Package epstopdf-base Info: Redefining graphics rule for `.eps' on input line 485.
(c:/Users/Asus/AppData/Roaming/TinyTeX/texmf-dist/tex/latex/latexconfig/epstopdf-sys.cfg
File: epstopdf-sys.cfg 2010/07/13 v1.3 Configuration of (r)epstopdf for TeX Live
))
*geometry* driver: auto-detecting
*geometry* detected driver: pdftex
*geometry* verbose mode - [ preamble ] result:
* driver: pdftex
* paper: <default>
* layout: <same size as paper>
* layoutoffset:(h,v)=(0.0pt,0.0pt)
* modes: 
* h-part:(L,W,R)=(56.9055pt, 500.484pt, 56.9055pt)
* v-part:(T,H,B)=(56.9055pt, 681.15898pt, 56.9055pt)
* \paperwidth=614.295pt
* \paperheight=794.96999pt
* \textwidth=500.484pt
* \textheight=681.15898pt
* \oddsidemargin=-15.36449pt
* \evensidemargin=-15.36449pt
* \topmargin=-52.36449pt
* \headheight=12.0pt
* \headsep=25.0pt
* \topskip=12.0pt
* \footskip=30.0pt
* \marginparwidth=44.0pt
* \marginparsep=10.0pt
* \columnsep=10.0pt
* \skip\footins=10.8pt plus 4.0pt minus 2.0pt
* \hoffset=0.0pt
* \voffset=0.0pt
* \mag=1000
* \@twocolumnfalse
* \@twosidefalse
* \@mparswitchfalse
* \@reversemarginfalse
* (1in=72.27pt=25.4mm, 1cm=28.453pt)

Package hyperref Info: Link coloring OFF on input line 183.
\c@theorem=\count336
[1

{c:/Users/Asus/AppData/Roaming/TinyTeX/texmf-var/fonts/map/pdftex/updmap/pdftex.map}{c:/Users/Asus/AppData/Roaming/TinyTeX/texmf-dist/fonts/enc/dvips/lm/lm-ec.enc}] [2] [3] [4] [5] [6]
LaTeX Font Info:    Trying to load font information for T1+lmtt on input line 507.
(c:/Users/Asus/AppData/Roaming/TinyTeX/texmf-dist/tex/latex/lm/t1lmtt.fd
File: t1lmtt.fd 2015/05/01 v1.6.1 Font defs for Latin Modern
)
LaTeX Font Info:    Trying to load font information for TS1+lmr on input line 530.
(c:/Users/Asus/AppData/Roaming/TinyTeX/texmf-dist/tex/latex/lm/ts1lmr.fd
File: ts1lmr.fd 2015/05/01 v1.6.1 Font defs for Latin Modern
)
LaTeX Font Info:    Trying to load font information for OT1+lmr on input line 554.
(c:/Users/Asus/AppData/Roaming/TinyTeX/texmf-dist/tex/latex/lm/ot1lmr.fd
File: ot1lmr.fd 2015/05/01 v1.6.1 Font defs for Latin Modern
)
LaTeX Font Info:    Trying to load font information for OML+lmm on input line 554.
(c:/Users/Asus/AppData/Roaming/TinyTeX/texmf-dist/tex/latex/lm/omllmm.fd
File: omllmm.fd 2015/05/01 v1.6.1 Font defs for Latin Modern
)
LaTeX Font Info:    Trying to load font information for OMS+lmsy on input line 554.
(c:/Users/Asus/AppData/Roaming/TinyTeX/texmf-dist/tex/latex/lm/omslmsy.fd
File: omslmsy.fd 2015/05/01 v1.6.1 Font defs for Latin Modern
)
LaTeX Font Info:    Trying to load font information for OMX+lmex on input line 554.
(c:/Users/Asus/AppData/Roaming/TinyTeX/texmf-dist/tex/latex/lm/omxlmex.fd
File: omxlmex.fd 2015/05/01 v1.6.1 Font defs for Latin Modern
)
LaTeX Font Info:    External font `lmex10' loaded for size
(Font)              <12> on input line 554.
LaTeX Font Info:    External font `lmex10' loaded for size
(Font)              <8> on input line 554.
LaTeX Font Info:    External font `lmex10' loaded for size
(Font)              <6> on input line 554.
LaTeX Font Info:    Trying to load font information for U+msa on input line 554.
(c:/Users/Asus/AppData/Roaming/TinyTeX/texmf-dist/tex/latex/amsfonts/umsa.fd
File: umsa.fd 2013/01/14 v3.01 AMS symbols A
)
LaTeX Font Info:    Trying to load font information for U+msb on input line 554.
(c:/Users/Asus/AppData/Roaming/TinyTeX/texmf-dist/tex/latex/amsfonts/umsb.fd
File: umsb.fd 2013/01/14 v3.01 AMS symbols B
) [7{c:/Users/Asus/AppData/Roaming/TinyTeX/texmf-dist/fonts/enc/dvips/lm/lm-ts1.enc}]
Overfull \hbox (6.16982pt too wide) in paragraph at lines 586--614
\T1/lmr/m/n/12 por-tional thresh-old used for Aus-tralia) were dropped (see lines 45-55 in \T1/lmtt/m/n/12 1_clean_dataset_italy.R\T1/lmr/m/n/12 ),
 []

[8{c:/Users/Asus/AppData/Roaming/TinyTeX/texmf-dist/fonts/enc/dvips/lm/lm-mathit.enc}{c:/Users/Asus/AppData/Roaming/TinyTeX/texmf-dist/fonts/enc/dvips/lm/lm-rm.enc}{c:/Users/Asus/AppData/Roaming/TinyTeX/texmf-dist/fonts/enc/dvips/lm/lm-mathex.enc}{c:/Users/Asus/AppData/Roaming/TinyTeX/texmf-dist/fonts/enc/dvips/lm/lm-mathsy.enc}] [9] [10] [11] [12]
<C:/Users/Asus/Adelaide University/Anthony Mays - Covid_Siddika_M/New Code/figures/plot1_aic_bic.png, id=109, 722.7pt x 361.35pt>
File: C:/Users/Asus/Adelaide University/Anthony Mays - Covid_Siddika_M/New Code/figures/plot1_aic_bic.png Graphic file (type png)
<use C:/Users/Asus/Adelaide University/Anthony Mays - Covid_Siddika_M/New Code/figures/plot1_aic_bic.png>
Package pdftex.def Info: C:/Users/Asus/Adelaide University/Anthony Mays - Covid_Siddika_M/New Code/figures/plot1_aic_bic.png  used on input line 949.
(pdftex.def)             Requested size: 425.41444pt x 212.70944pt.
<C:/Users/Asus/Adelaide University/Anthony Mays - Covid_Siddika_M/New Code/figures/plot2_lrt_chisq.png, id=110, 722.7pt x 361.35pt>
File: C:/Users/Asus/Adelaide University/Anthony Mays - Covid_Siddika_M/New Code/figures/plot2_lrt_chisq.png Graphic file (type png)
<use C:/Users/Asus/Adelaide University/Anthony Mays - Covid_Siddika_M/New Code/figures/plot2_lrt_chisq.png>
Package pdftex.def Info: C:/Users/Asus/Adelaide University/Anthony Mays - Covid_Siddika_M/New Code/figures/plot2_lrt_chisq.png  used on input line 956.
(pdftex.def)             Requested size: 425.41444pt x 212.70944pt.
<C:/Users/Asus/Adelaide University/Anthony Mays - Covid_Siddika_M/New Code/figures/plot3_pooled_OR_forest.png, id=111, 722.7pt x 433.62pt>
File: C:/Users/Asus/Adelaide University/Anthony Mays - Covid_Siddika_M/New Code/figures/plot3_pooled_OR_forest.png Graphic file (type png)
<use C:/Users/Asus/Adelaide University/Anthony Mays - Covid_Siddika_M/New Code/figures/plot3_pooled_OR_forest.png>
Package pdftex.def Info: C:/Users/Asus/Adelaide University/Anthony Mays - Covid_Siddika_M/New Code/figures/plot3_pooled_OR_forest.png  used on input line 963.
(pdftex.def)             Requested size: 425.41444pt x 255.25133pt.
[13] [14 <c:/Users/Asus/Adelaide University/Anthony Mays - Covid_Siddika_M/New Code/figures/plot1_aic_bic.png> <c:/Users/Asus/Adelaide University/Anthony Mays - Covid_Siddika_M/New Code/figures/plot2_lrt_chisq.png>] [15 <c:/Users/Asus/Adelaide University/Anthony Mays - Covid_Siddika_M/New Code/figures/plot3_pooled_OR_forest.png>]
Overfull \hbox (0.12416pt too wide) in alignment at lines 988--1008
 [] [] [] [] [] [] [] 
 []


Overfull \hbox (0.12416pt too wide) in alignment at lines 1008--1026
 [] [] [] [] [] [] [] 
 []


Overfull \hbox (0.12416pt too wide) in alignment at lines 1026--1028
 [] [] [] [] [] [] [] 
 []


Overfull \hbox (0.12416pt too wide) in alignment at lines 1028--1037
 [] [] [] [] [] [] [] 
 []


Overfull \hbox (0.12416pt too wide) in alignment at lines 1046--1067
 [] [] [] [] [] [] [] 
 []


Overfull \hbox (0.12416pt too wide) in alignment at lines 1067--1085
 [] [] [] [] [] [] [] 
 []


Overfull \hbox (0.12416pt too wide) in alignment at lines 1085--1087
 [] [] [] [] [] [] [] 
 []


Overfull \hbox (0.12416pt too wide) in alignment at lines 1087--1100
 [] [] [] [] [] [] [] 
 []

[16

]
Underfull \hbox (badness 1158) in paragraph at lines 1144--1149
\T1/lmr/m/n/12 Figure []4[] shows the ten most im-por-tant fea-tures, re-gion dummy vari-ables ex-cluded, for
 []

[17]
<C:/Users/Asus/Adelaide University/Anthony Mays - Covid_Siddika_M/New Code/plots/feature_importance/italy_mean_feature_importance_model_1_both_models.png, id=156, 867.24pt x 867.24pt>
File: C:/Users/Asus/Adelaide University/Anthony Mays - Covid_Siddika_M/New Code/plots/feature_importance/italy_mean_feature_importance_model_1_both_models.png Graphic file (type png)
<use C:/Users/Asus/Adelaide University/Anthony Mays - Covid_Siddika_M/New Code/plots/feature_importance/italy_mean_feature_importance_model_1_both_models.png>
Package pdftex.def Info: C:/Users/Asus/Adelaide University/Anthony Mays - Covid_Siddika_M/New Code/plots/feature_importance/italy_mean_feature_importance_model_1_both_models.png  used on input line 1179.
(pdftex.def)             Requested size: 450.43253pt x 450.43808pt.
<C:/Users/Asus/Adelaide University/Anthony Mays - Covid_Siddika_M/New Code/plots/feature_importance/italy_mean_feature_importance_model_2_both_models.png, id=157, 867.24pt x 867.24pt>
File: C:/Users/Asus/Adelaide University/Anthony Mays - Covid_Siddika_M/New Code/plots/feature_importance/italy_mean_feature_importance_model_2_both_models.png Graphic file (type png)
<use C:/Users/Asus/Adelaide University/Anthony Mays - Covid_Siddika_M/New Code/plots/feature_importance/italy_mean_feature_importance_model_2_both_models.png>
Package pdftex.def Info: C:/Users/Asus/Adelaide University/Anthony Mays - Covid_Siddika_M/New Code/plots/feature_importance/italy_mean_feature_importance_model_2_both_models.png  used on input line 1186.
(pdftex.def)             Requested size: 450.43253pt x 450.43808pt.
[18 <c:/Users/Asus/Adelaide University/Anthony Mays - Covid_Siddika_M/New Code/plots/feature_importance/italy_mean_feature_importance_model_1_both_models.png>] [19 <c:/Users/Asus/Adelaide University/Anthony Mays - Covid_Siddika_M/New Code/plots/feature_importance/italy_mean_feature_importance_model_2_both_models.png>]
<C:/Users/Asus/Adelaide University/Anthony Mays - Covid_Siddika_M/New Code/plots/pdp_italy/italy_model_1_rf_pdp_vaccination_status_pooled.png, id=177, 505.89pt x 361.35pt>
File: C:/Users/Asus/Adelaide University/Anthony Mays - Covid_Siddika_M/New Code/plots/pdp_italy/italy_model_1_rf_pdp_vaccination_status_pooled.png Graphic file (type png)
<use C:/Users/Asus/Adelaide University/Anthony Mays - Covid_Siddika_M/New Code/plots/pdp_italy/italy_model_1_rf_pdp_vaccination_status_pooled.png>
Package pdftex.def Info: C:/Users/Asus/Adelaide University/Anthony Mays - Covid_Siddika_M/New Code/plots/pdp_italy/italy_model_1_rf_pdp_vaccination_status_pooled.png  used on input line 1231.
(pdftex.def)             Requested size: 350.33727pt x 250.24706pt.
<C:/Users/Asus/Adelaide University/Anthony Mays - Covid_Siddika_M/New Code/plots/pdp_italy/italy_model_1_xgboost_pdp_vaccination_status_pooled.png, id=178, 505.89pt x 361.35pt>
File: C:/Users/Asus/Adelaide University/Anthony Mays - Covid_Siddika_M/New Code/plots/pdp_italy/italy_model_1_xgboost_pdp_vaccination_status_pooled.png Graphic file (type png)
<use C:/Users/Asus/Adelaide University/Anthony Mays - Covid_Siddika_M/New Code/plots/pdp_italy/italy_model_1_xgboost_pdp_vaccination_status_pooled.png>
Package pdftex.def Info: C:/Users/Asus/Adelaide University/Anthony Mays - Covid_Siddika_M/New Code/plots/pdp_italy/italy_model_1_xgboost_pdp_vaccination_status_pooled.png  used on input line 1238.
(pdftex.def)             Requested size: 350.33727pt x 250.24706pt.
<C:/Users/Asus/Adelaide University/Anthony Mays - Covid_Siddika_M/New Code/plots/pdp_italy/italy_model_2_rf_pdp_vaccination_status_pooled.png, id=179, 505.89pt x 361.35pt>
File: C:/Users/Asus/Adelaide University/Anthony Mays - Covid_Siddika_M/New Code/plots/pdp_italy/italy_model_2_rf_pdp_vaccination_status_pooled.png Graphic file (type png)
<use C:/Users/Asus/Adelaide University/Anthony Mays - Covid_Siddika_M/New Code/plots/pdp_italy/italy_model_2_rf_pdp_vaccination_status_pooled.png>
Package pdftex.def Info: C:/Users/Asus/Adelaide University/Anthony Mays - Covid_Siddika_M/New Code/plots/pdp_italy/italy_model_2_rf_pdp_vaccination_status_pooled.png  used on input line 1245.
(pdftex.def)             Requested size: 350.33727pt x 250.24706pt.
<C:/Users/Asus/Adelaide University/Anthony Mays - Covid_Siddika_M/New Code/plots/pdp_italy/italy_model_2_xgboost_pdp_vaccination_status_pooled.png, id=180, 505.89pt x 361.35pt>
File: C:/Users/Asus/Adelaide University/Anthony Mays - Covid_Siddika_M/New Code/plots/pdp_italy/italy_model_2_xgboost_pdp_vaccination_status_pooled.png Graphic file (type png)
<use C:/Users/Asus/Adelaide University/Anthony Mays - Covid_Siddika_M/New Code/plots/pdp_italy/italy_model_2_xgboost_pdp_vaccination_status_pooled.png>
Package pdftex.def Info: C:/Users/Asus/Adelaide University/Anthony Mays - Covid_Siddika_M/New Code/plots/pdp_italy/italy_model_2_xgboost_pdp_vaccination_status_pooled.png  used on input line 1252.
(pdftex.def)             Requested size: 350.33727pt x 250.24706pt.
<C:/Users/Asus/Adelaide University/Anthony Mays - Covid_Siddika_M/New Code/plots/pdp_italy/italy_model_1_rf_pdp_hl_covid_num_pooled.png, id=187, 505.89pt x 361.35pt>
File: C:/Users/Asus/Adelaide University/Anthony Mays - Covid_Siddika_M/New Code/plots/pdp_italy/italy_model_1_rf_pdp_hl_covid_num_pooled.png Graphic file (type png)
<use C:/Users/Asus/Adelaide University/Anthony Mays - Covid_Siddika_M/New Code/plots/pdp_italy/italy_model_1_rf_pdp_hl_covid_num_pooled.png>
Package pdftex.def Info: C:/Users/Asus/Adelaide University/Anthony Mays - Covid_Siddika_M/New Code/plots/pdp_italy/italy_model_1_rf_pdp_hl_covid_num_pooled.png  used on input line 1274.
(pdftex.def)             Requested size: 350.33727pt x 250.24706pt.
<C:/Users/Asus/Adelaide University/Anthony Mays - Covid_Siddika_M/New Code/plots/pdp_italy/italy_model_1_xgboost_pdp_hl_covid_num_pooled.png, id=188, 505.89pt x 361.35pt>
File: C:/Users/Asus/Adelaide University/Anthony Mays - Covid_Siddika_M/New Code/plots/pdp_italy/italy_model_1_xgboost_pdp_hl_covid_num_pooled.png Graphic file (type png)
<use C:/Users/Asus/Adelaide University/Anthony Mays - Covid_Siddika_M/New Code/plots/pdp_italy/italy_model_1_xgboost_pdp_hl_covid_num_pooled.png>
Package pdftex.def Info: C:/Users/Asus/Adelaide University/Anthony Mays - Covid_Siddika_M/New Code/plots/pdp_italy/italy_model_1_xgboost_pdp_hl_covid_num_pooled.png  used on input line 1281.
(pdftex.def)             Requested size: 350.33727pt x 250.24706pt.
<C:/Users/Asus/Adelaide University/Anthony Mays - Covid_Siddika_M/New Code/plots/pdp_italy/italy_model_2_rf_pdp_hl_covid_num_pooled.png, id=189, 505.89pt x 361.35pt>
File: C:/Users/Asus/Adelaide University/Anthony Mays - Covid_Siddika_M/New Code/plots/pdp_italy/italy_model_2_rf_pdp_hl_covid_num_pooled.png Graphic file (type png)
<use C:/Users/Asus/Adelaide University/Anthony Mays - Covid_Siddika_M/New Code/plots/pdp_italy/italy_model_2_rf_pdp_hl_covid_num_pooled.png>
Package pdftex.def Info: C:/Users/Asus/Adelaide University/Anthony Mays - Covid_Siddika_M/New Code/plots/pdp_italy/italy_model_2_rf_pdp_hl_covid_num_pooled.png  used on input line 1288.
(pdftex.def)             Requested size: 350.33727pt x 250.24706pt.
<C:/Users/Asus/Adelaide University/Anthony Mays - Covid_Siddika_M/New Code/plots/pdp_italy/italy_model_2_xgboost_pdp_hl_covid_num_pooled.png, id=190, 505.89pt x 361.35pt>
File: C:/Users/Asus/Adelaide University/Anthony Mays - Covid_Siddika_M/New Code/plots/pdp_italy/italy_model_2_xgboost_pdp_hl_covid_num_pooled.png Graphic file (type png)
<use C:/Users/Asus/Adelaide University/Anthony Mays - Covid_Siddika_M/New Code/plots/pdp_italy/italy_model_2_xgboost_pdp_hl_covid_num_pooled.png>
Package pdftex.def Info: C:/Users/Asus/Adelaide University/Anthony Mays - Covid_Siddika_M/New Code/plots/pdp_italy/italy_model_2_xgboost_pdp_hl_covid_num_pooled.png  used on input line 1295.
(pdftex.def)             Requested size: 350.33727pt x 250.24706pt.
<C:/Users/Asus/Adelaide University/Anthony Mays - Covid_Siddika_M/New Code/plots/pdp_italy/italy_model_1_rf_pdp_vl_num_pooled.png, id=191, 505.89pt x 361.35pt>
File: C:/Users/Asus/Adelaide University/Anthony Mays - Covid_Siddika_M/New Code/plots/pdp_italy/italy_model_1_rf_pdp_vl_num_pooled.png Graphic file (type png)
<use C:/Users/Asus/Adelaide University/Anthony Mays - Covid_Siddika_M/New Code/plots/pdp_italy/italy_model_1_rf_pdp_vl_num_pooled.png>
Package pdftex.def Info: C:/Users/Asus/Adelaide University/Anthony Mays - Covid_Siddika_M/New Code/plots/pdp_italy/italy_model_1_rf_pdp_vl_num_pooled.png  used on input line 1302.
(pdftex.def)             Requested size: 350.33727pt x 250.24706pt.
<C:/Users/Asus/Adelaide University/Anthony Mays - Covid_Siddika_M/New Code/plots/pdp_italy/italy_model_1_xgboost_pdp_vl_num_pooled.png, id=192, 505.89pt x 361.35pt>
File: C:/Users/Asus/Adelaide University/Anthony Mays - Covid_Siddika_M/New Code/plots/pdp_italy/italy_model_1_xgboost_pdp_vl_num_pooled.png Graphic file (type png)
<use C:/Users/Asus/Adelaide University/Anthony Mays - Covid_Siddika_M/New Code/plots/pdp_italy/italy_model_1_xgboost_pdp_vl_num_pooled.png>
Package pdftex.def Info: C:/Users/Asus/Adelaide University/Anthony Mays - Covid_Siddika_M/New Code/plots/pdp_italy/italy_model_1_xgboost_pdp_vl_num_pooled.png  used on input line 1309.
(pdftex.def)             Requested size: 350.33727pt x 250.24706pt.
<C:/Users/Asus/Adelaide University/Anthony Mays - Covid_Siddika_M/New Code/plots/pdp_italy/italy_model_2_rf_pdp_vl_num_pooled.png, id=193, 505.89pt x 361.35pt>
File: C:/Users/Asus/Adelaide University/Anthony Mays - Covid_Siddika_M/New Code/plots/pdp_italy/italy_model_2_rf_pdp_vl_num_pooled.png Graphic file (type png)
<use C:/Users/Asus/Adelaide University/Anthony Mays - Covid_Siddika_M/New Code/plots/pdp_italy/italy_model_2_rf_pdp_vl_num_pooled.png>
Package pdftex.def Info: C:/Users/Asus/Adelaide University/Anthony Mays - Covid_Siddika_M/New Code/plots/pdp_italy/italy_model_2_rf_pdp_vl_num_pooled.png  used on input line 1316.
(pdftex.def)             Requested size: 350.33727pt x 250.24706pt.
<C:/Users/Asus/Adelaide University/Anthony Mays - Covid_Siddika_M/New Code/plots/pdp_italy/italy_model_2_xgboost_pdp_vl_num_pooled.png, id=194, 505.89pt x 361.35pt>
File: C:/Users/Asus/Adelaide University/Anthony Mays - Covid_Siddika_M/New Code/plots/pdp_italy/italy_model_2_xgboost_pdp_vl_num_pooled.png Graphic file (type png)
<use C:/Users/Asus/Adelaide University/Anthony Mays - Covid_Siddika_M/New Code/plots/pdp_italy/italy_model_2_xgboost_pdp_vl_num_pooled.png>
Package pdftex.def Info: C:/Users/Asus/Adelaide University/Anthony Mays - Covid_Siddika_M/New Code/plots/pdp_italy/italy_model_2_xgboost_pdp_vl_num_pooled.png  used on input line 1323.
(pdftex.def)             Requested size: 350.33727pt x 250.24706pt.
[20 <c:/Users/Asus/Adelaide University/Anthony Mays - Covid_Siddika_M/New Code/plots/pdp_italy/italy_model_1_rf_pdp_vaccination_status_pooled.png>] [21 <c:/Users/Asus/Adelaide University/Anthony Mays - Covid_Siddika_M/New Code/plots/pdp_italy/italy_model_1_xgboost_pdp_vaccination_status_pooled.png> <c:/Users/Asus/Adelaide University/Anthony Mays - Covid_Siddika_M/New Code/plots/pdp_italy/italy_model_2_rf_pdp_vaccination_status_pooled.png>] [22 <c:/Users/Asus/Adelaide University/Anthony Mays - Covid_Siddika_M/New Code/plots/pdp_italy/italy_model_2_xgboost_pdp_vaccination_status_pooled.png> <c:/Users/Asus/Adelaide University/Anthony Mays - Covid_Siddika_M/New Code/plots/pdp_italy/italy_model_1_rf_pdp_hl_covid_num_pooled.png>] [23 <c:/Users/Asus/Adelaide University/Anthony Mays - Covid_Siddika_M/New Code/plots/pdp_italy/italy_model_1_xgboost_pdp_hl_covid_num_pooled.png> <c:/Users/Asus/Adelaide University/Anthony Mays - Covid_Siddika_M/New Code/plots/pdp_italy/italy_model_2_rf_pdp_hl_covid_num_pooled.png>] [24 <c:/Users/Asus/Adelaide University/Anthony Mays - Covid_Siddika_M/New Code/plots/pdp_italy/italy_model_2_xgboost_pdp_hl_covid_num_pooled.png> <c:/Users/Asus/Adelaide University/Anthony Mays - Covid_Siddika_M/New Code/plots/pdp_italy/italy_model_1_rf_pdp_vl_num_pooled.png>] [25 <c:/Users/Asus/Adelaide University/Anthony Mays - Covid_Siddika_M/New Code/plots/pdp_italy/italy_model_1_xgboost_pdp_vl_num_pooled.png> <c:/Users/Asus/Adelaide University/Anthony Mays - Covid_Siddika_M/New Code/plots/pdp_italy/italy_model_2_rf_pdp_vl_num_pooled.png>] [26 <c:/Users/Asus/Adelaide University/Anthony Mays - Covid_Siddika_M/New Code/plots/pdp_italy/italy_model_2_xgboost_pdp_vl_num_pooled.png>] [27

]
Underfull \hbox (badness 2189) in paragraph at lines 1443--1448
[]\T1/lmr/m/n/12 Corea, Francesco, Lu-cio Fol-carelli, An-nal-isa Napoli, Grazia Mi-raglia del Giu-dice, and
 []


Underfull \hbox (badness 1057) in paragraph at lines 1443--1448
\T1/lmr/m/n/12 ing the Ad-her-ence to Pre-ven-tive Mea-sures: Ev-i-dence from Italy.'' \T1/lmr/m/it/12 Vac-cines \T1/lmr/m/n/12 10 (5).
 []

[28] [29]
LaTeX Font Info:    Font shape `T1/lmtt/bx/n' in size <12> not available
(Font)              Font shape `T1/lmtt/b/n' tried instead on input line 1552.
LaTeX Font Info:    Trying to load font information for TS1+lmtt on input line 1567.
(c:/Users/Asus/AppData/Roaming/TinyTeX/texmf-dist/tex/latex/lm/ts1lmtt.fd
File: ts1lmtt.fd 2015/05/01 v1.6.1 Font defs for Latin Modern
) [30] [31] [32] [33] [34] [35] [36] [37] [38] [39] [40] [41]
Overfull \hbox (51.41714pt too wide) in paragraph at lines 2254--2259
\T1/lmr/m/n/12 where in the pipeline to pool the per-draw CV scores into the fi-nal \T1/lmtt/m/n/12 precision\T1/lmr/m/n/12 /\T1/lmtt/m/n/12 recall\T1/lmr/m/n/12 /\T1/lmtt/m/n/12 roc_auc\T1/lmr/m/n/12 /\T1/lmtt/m/n/12 accuracy\T1/lmr/m/n/12 /\T1/lmtt/m/n/12 f1
 []

[42] [43] [44] [45] [46] [47] [48] [49] [50] [51] [52] (./PartB_Template_Mosarrat_a1948284.aux)
 ***********
LaTeX2e <2026-06-01>
L3 programming layer <2026-07-20>
 ***********

LaTeX Warning: There were multiply-defined labels.

 ) 
Here is how much of TeX's memory you used:
 13405 strings out of 469149
 227187 string characters out of 5458515
 648870 words of memory out of 5000000
 42023 multiletter control sequences out of 15000+600000
 675636 words of font info for 75 fonts, out of 8000000 for 9000
 14 hyphenation exceptions out of 8191
 88i,10n,93p,1505b,624s stack positions out of 10000i,1000n,20000p,200000b,200000s
<c:/Users/Asus/AppData/Roaming/TinyTeX/texmf-dist/fonts/type1/public/lm/lmbx12.pfb><c:/Users/Asus/AppData/Roaming/TinyTeX/texmf-dist/fonts/type1/public/lm/lmex10.pfb><c:/Users/Asus/AppData/Roaming/TinyTeX/texmf-dist/fonts/type1/public/lm/lmmi12.pfb><c:/Users/Asus/AppData/Roaming/TinyTeX/texmf-dist/fonts/type1/public/lm/lmmi8.pfb><c:/Users/Asus/AppData/Roaming/TinyTeX/texmf-dist/fonts/type1/public/lm/lmr12.pfb><c:/Users/Asus/AppData/Roaming/TinyTeX/texmf-dist/fonts/type1/public/lm/lmr17.pfb><c:/Users/Asus/AppData/Roaming/TinyTeX/texmf-dist/fonts/type1/public/lm/lmr8.pfb><c:/Users/Asus/AppData/Roaming/TinyTeX/texmf-dist/fonts/type1/public/lm/lmr9.pfb><c:/Users/Asus/AppData/Roaming/TinyTeX/texmf-dist/fonts/type1/public/lm/lmri12.pfb><c:/Users/Asus/AppData/Roaming/TinyTeX/texmf-dist/fonts/type1/public/lm/lmri9.pfb><c:/Users/Asus/AppData/Roaming/TinyTeX/texmf-dist/fonts/type1/public/lm/lmsy10.pfb><c:/Users/Asus/AppData/Roaming/TinyTeX/texmf-dist/fonts/type1/public/lm/lmtk10.pfb><c:/Users/Asus/AppData/Roaming/TinyTeX/texmf-dist/fonts/type1/public/lm/lmtt12.pfb><c:/Users/Asus/AppData/Roaming/TinyTeX/texmf-dist/fonts/type1/public/lm/lmtti10.pfb>
Output written on PartB_Template_Mosarrat_a1948284.pdf (52 pages, 1240881 bytes).
PDF statistics:
 654 PDF objects out of 1000 (max. 8388607)
 528 compressed objects within 6 object streams
 139 named destinations out of 1000 (max. 500000)
 414 words of extra memory for PDF output out of 10000 (max. 10000000)

